Archive member included to satisfy reference by file (symbol)

/home/lhb/lhb/esp32/example/esp-idf/examples/get-started/hello_world/build/cxx/libcxx.a(cxx_guards.o)
                              (__cxa_guard_dummy)
/home/lhb/lhb/esp32/example/esp-idf/examples/get-started/hello_world/build/cxx/libcxx.a(cxx_exception_stubs.o)
                              (__cxx_fatal_exception)
/home/lhb/lhb/esp32/example/esp-idf/examples/get-started/hello_world/build/esp32/libesp32.a(cpu_start.o)
                              (call_start_cpu0)
/home/lhb/lhb/esp32/example/esp-idf/examples/get-started/hello_world/build/esp32/libesp32.a(cache_err_int.o)
                              /home/lhb/lhb/esp32/example/esp-idf/examples/get-started/hello_world/build/esp32/libesp32.a(cpu_start.o) (esp_cache_err_int_init)
/home/lhb/lhb/esp32/example/esp-idf/examples/get-started/hello_world/build/esp32/libesp32.a(clk.o)
                              /home/lhb/lhb/esp32/example/esp-idf/examples/get-started/hello_world/build/esp32/libesp32.a(cpu_start.o) (esp_clk_init)
/home/lhb/lhb/esp32/example/esp-idf/examples/get-started/hello_world/build/esp32/libesp32.a(panic.o)
                              /home/lhb/lhb/esp32/example/esp-idf/examples/get-started/hello_world/build/cxx/libcxx.a(cxx_guards.o) (abort)
/home/lhb/lhb/esp32/example/esp-idf/examples/get-started/hello_world/build/esp32/libesp32.a(crosscore_int.o)
                              /home/lhb/lhb/esp32/example/esp-idf/examples/get-started/hello_world/build/esp32/libesp32.a(cpu_start.o) (esp_crosscore_int_init)
/home/lhb/lhb/esp32/example/esp-idf/examples/get-started/hello_world/build/esp32/libesp32.a(ipc.o)
                              /home/lhb/lhb/esp32/example/esp-idf/examples/get-started/hello_world/build/esp32/libesp32.a(cpu_start.o) (esp_ipc_init)
/home/lhb/lhb/esp32/example/esp-idf/examples/get-started/hello_world/build/esp32/libesp32.a(intr_alloc.o)
                              /home/lhb/lhb/esp32/example/esp-idf/examples/get-started/hello_world/build/esp32/libesp32.a(crosscore_int.o) (esp_intr_alloc)
/home/lhb/lhb/esp32/example/esp-idf/examples/get-started/hello_world/build/esp32/libesp32.a(int_wdt.o)
                              /home/lhb/lhb/esp32/example/esp-idf/examples/get-started/hello_world/build/esp32/libesp32.a(cpu_start.o) (esp_int_wdt_init)
/home/lhb/lhb/esp32/example/esp-idf/examples/get-started/hello_world/build/esp32/libesp32.a(esp_timer.o)
                              /home/lhb/lhb/esp32/example/esp-idf/examples/get-started/hello_world/build/esp32/libesp32.a(cpu_start.o) (esp_timer_init)
/home/lhb/lhb/esp32/example/esp-idf/examples/get-started/hello_world/build/esp32/libesp32.a(dport_access.o)
                              /home/lhb/lhb/esp32/example/esp-idf/examples/get-started/hello_world/build/esp32/libesp32.a(cpu_start.o) (esp_dport_access_stall_other_cpu_start)
/home/lhb/lhb/esp32/example/esp-idf/examples/get-started/hello_world/build/esp32/libesp32.a(brownout.o)
                              /home/lhb/lhb/esp32/example/esp-idf/examples/get-started/hello_world/build/esp32/libesp32.a(cpu_start.o) (esp_brownout_init)
/home/lhb/lhb/esp32/example/esp-idf/examples/get-started/hello_world/build/esp32/libesp32.a(dport_panic_highint_hdl.o)
                              (ld_include_panic_highint_hdl)
/home/lhb/lhb/esp32/example/esp-idf/examples/get-started/hello_world/build/esp32/libesp32.a(system_api.o)
                              /home/lhb/lhb/esp32/example/esp-idf/examples/get-started/hello_world/build/esp32/libesp32.a(panic.o) (esp_restart_noos)
/home/lhb/lhb/esp32/example/esp-idf/examples/get-started/hello_world/build/esp32/libesp32.a(task_wdt.o)
                              /home/lhb/lhb/esp32/example/esp-idf/examples/get-started/hello_world/build/esp32/libesp32.a(cpu_start.o) (esp_task_wdt_init)
/home/lhb/lhb/esp32/example/esp-idf/examples/get-started/hello_world/build/esp32/libesp32.a(esp_timer_esp32.o)
                              /home/lhb/lhb/esp32/example/esp-idf/examples/get-started/hello_world/build/esp32/libesp32.a(esp_timer.o) (esp_timer_impl_get_time)
/home/lhb/lhb/esp32/example/esp-idf/examples/get-started/hello_world/build/esp32/libesp32.a(freertos_hooks.o)
                              /home/lhb/lhb/esp32/example/esp-idf/examples/get-started/hello_world/build/esp32/libesp32.a(task_wdt.o) (esp_register_freertos_idle_hook_for_cpu)
/home/lhb/lhb/esp32/example/esp-idf/components/esp32/libhal.a(int_asm--set_intclear.o)
                              /home/lhb/lhb/esp32/example/esp-idf/examples/get-started/hello_world/build/esp32/libesp32.a(intr_alloc.o) (xthal_set_intclear)
/home/lhb/lhb/esp32/example/esp-idf/examples/get-started/hello_world/build/freertos/libfreertos.a(xtensa_intr.o)
                              /home/lhb/lhb/esp32/example/esp-idf/examples/get-started/hello_world/build/esp32/libesp32.a(intr_alloc.o) (xt_unhandled_interrupt)
[...]
Memory Configuration

Name             Origin             Length             Attributes
iram0_0_seg      0x0000000040080000 0x0000000000020000 xr
iram0_2_seg      0x00000000400d0018 0x000000000032ffe8 xr
dram0_0_seg      0x000000003ffb0000 0x000000000002c200 rw
drom0_0_seg      0x000000003f400018 0x00000000003fffe8 r
rtc_iram_seg     0x00000000400c0000 0x0000000000002000 xrw
rtc_slow_seg     0x0000000050000000 0x0000000000001000 rw
*default*        0x0000000000000000 0xffffffffffffffff

Linker script and memory map

START GROUP
LOAD /home/lhb/lhb/esp32/example/esp-idf/examples/get-started/hello_world/build/app_trace/libapp_trace.a
LOAD /home/lhb/lhb/esp32/example/esp-idf/examples/get-started/hello_world/build/app_update/libapp_update.a
LOAD /home/lhb/lhb/esp32/example/esp-idf/examples/get-started/hello_world/build/bootloader_support/libbootloader_support.a
LOAD /home/lhb/lhb/esp32/example/esp-idf/examples/get-started/hello_world/build/bt/libbt.a
LOAD /home/lhb/lhb/esp32/example/esp-idf/examples/get-started/hello_world/build/coap/libcoap.a
LOAD /home/lhb/lhb/esp32/example/esp-idf/examples/get-started/hello_world/build/console/libconsole.a
LOAD /home/lhb/lhb/esp32/example/esp-idf/examples/get-started/hello_world/build/cxx/libcxx.a
LOAD /home/lhb/lhb/esp32/example/esp-idf/examples/get-started/hello_world/build/driver/libdriver.a
LOAD /home/lhb/lhb/esp32/example/esp-idf/examples/get-started/hello_world/build/esp32/libesp32.a
LOAD /home/lhb/lhb/esp32/example/esp-idf/components/esp32/libhal.a
LOAD /home/lhb/lhb/esp32/example/esp-idf/components/esp32/lib/libcore.a
LOAD /home/lhb/lhb/esp32/example/esp-idf/components/esp32/lib/librtc.a
LOAD /home/lhb/lhb/esp32/example/esp-idf/components/esp32/lib/libnet80211.a
LOAD /home/lhb/lhb/esp32/example/esp-idf/components/esp32/lib/libpp.a
LOAD /home/lhb/lhb/esp32/example/esp-idf/components/esp32/lib/libwpa.a
LOAD /home/lhb/lhb/esp32/example/esp-idf/components/esp32/lib/libsmartconfig.a
LOAD /home/lhb/lhb/esp32/example/esp-idf/components/esp32/lib/libcoexist.a
LOAD /home/lhb/lhb/esp32/example/esp-idf/components/esp32/lib/libwps.a
LOAD /home/lhb/lhb/esp32/example/esp-idf/components/esp32/lib/libwpa2.a
LOAD /home/lhb/lhb/esp32/example/esp-idf/components/esp32/lib/libespnow.a
LOAD /home/lhb/lhb/esp32/example/esp-idf/components/esp32/lib/libphy.a
LOAD /home/lhb/lhb/esp32/example/esp-idf/examples/get-started/hello_world/build/esp_adc_cal/libesp_adc_cal.a
LOAD /home/lhb/lhb/esp32/example/esp-idf/examples/get-started/hello_world/build/ethernet/libethernet.a
LOAD /home/lhb/lhb/esp32/example/esp-idf/examples/get-started/hello_world/build/expat/libexpat.a
LOAD /home/lhb/lhb/esp32/example/esp-idf/examples/get-started/hello_world/build/fatfs/libfatfs.a
LOAD /home/lhb/lhb/esp32/example/esp-idf/examples/get-started/hello_world/build/freertos/libfreertos.a
LOAD /home/lhb/lhb/esp32/example/esp-idf/examples/get-started/hello_world/build/heap/libheap.a
LOAD /home/lhb/lhb/esp32/example/esp-idf/examples/get-started/hello_world/build/idf_test/libidf_test.a
LOAD /home/lhb/lhb/esp32/example/esp-idf/examples/get-started/hello_world/build/jsmn/libjsmn.a
LOAD /home/lhb/lhb/esp32/example/esp-idf/examples/get-started/hello_world/build/json/libjson.a
LOAD /home/lhb/lhb/esp32/example/esp-idf/examples/get-started/hello_world/build/libsodium/liblibsodium.a
LOAD /home/lhb/lhb/esp32/example/esp-idf/examples/get-started/hello_world/build/log/liblog.a
LOAD /home/lhb/lhb/esp32/example/esp-idf/examples/get-started/hello_world/build/lwip/liblwip.a
LOAD /home/lhb/lhb/esp32/example/esp-idf/examples/get-started/hello_world/build/main/libmain.a
LOAD /home/lhb/lhb/esp32/example/esp-idf/examples/get-started/hello_world/build/mbedtls/libmbedtls.a
LOAD /home/lhb/lhb/esp32/example/esp-idf/examples/get-started/hello_world/build/mdns/libmdns.a
LOAD /home/lhb/lhb/esp32/example/esp-idf/examples/get-started/hello_world/build/micro-ecc/libmicro-ecc.a
LOAD /home/lhb/lhb/esp32/example/esp-idf/components/newlib/lib/libc.a
LOAD /home/lhb/lhb/esp32/example/esp-idf/components/newlib/lib/libm.a
LOAD /home/lhb/lhb/esp32/example/esp-idf/examples/get-started/hello_world/build/newlib/libnewlib.a
LOAD /home/lhb/lhb/esp32/example/esp-idf/examples/get-started/hello_world/build/nghttp/libnghttp.a
LOAD /home/lhb/lhb/esp32/example/esp-idf/examples/get-started/hello_world/build/nvs_flash/libnvs_flash.a
LOAD /home/lhb/lhb/esp32/example/esp-idf/examples/get-started/hello_world/build/openssl/libopenssl.a
LOAD /home/lhb/lhb/esp32/example/esp-idf/examples/get-started/hello_world/build/pthread/libpthread.a
LOAD /home/lhb/lhb/esp32/example/esp-idf/examples/get-started/hello_world/build/sdmmc/libsdmmc.a
LOAD /home/lhb/lhb/esp32/example/esp-idf/examples/get-started/hello_world/build/soc/libsoc.a
LOAD /home/lhb/lhb/esp32/example/esp-idf/examples/get-started/hello_world/build/spi_flash/libspi_flash.a
LOAD /home/lhb/lhb/esp32/example/esp-idf/examples/get-started/hello_world/build/spiffs/libspiffs.a
LOAD /home/lhb/lhb/esp32/example/esp-idf/examples/get-started/hello_world/build/tcpip_adapter/libtcpip_adapter.a
LOAD /home/lhb/lhb/esp32/example/esp-idf/examples/get-started/hello_world/build/ulp/libulp.a
LOAD /home/lhb/lhb/esp32/example/esp-idf/examples/get-started/hello_world/build/vfs/libvfs.a
LOAD /home/lhb/lhb/esp32/example/esp-idf/examples/get-started/hello_world/build/wear_levelling/libwear_levelling.a
LOAD /home/lhb/lhb/esp32/example/esp-idf/examples/get-started/hello_world/build/wpa_supplicant/libwpa_supplicant.a
LOAD /home/lhb/lhb/esp32/example/esp-idf/examples/get-started/hello_world/build/xtensa-debug-module/libxtensa-debug-module.a
LOAD /home/lhb/lhb/esp32/tool/xtensa-esp32-elf/bin/../lib/gcc/xtensa-esp32-elf/5.2.0/libgcc.a
LOAD /home/lhb/lhb/esp32/tool/xtensa-esp32-elf/bin/../lib/gcc/xtensa-esp32-elf/5.2.0/../../../../xtensa-esp32-elf/lib/libstdc++.a
LOAD /home/lhb/lhb/esp32/tool/xtensa-esp32-elf/bin/../lib/gcc/xtensa-esp32-elf/5.2.0/libgcov.a
END GROUP
                0x0000000040000000                _heap_end = 0x40000000

.rtc.text       0x00000000400c0000        0x0
                0x00000000400c0000                . = ALIGN (0x4)
 *(.rtc.literal .rtc.text)
 *rtc_wake_stub*.o(.literal .text .literal.* .text.*)

.rtc.data       0x0000000050000000        0x0
                0x0000000050000000                _rtc_data_start = ABSOLUTE (.)
 *(.rtc.data)
 *(.rtc.rodata)
 *rtc_wake_stub*.o(.data .rodata .data.* .rodata.* .bss .bss.*)
                0x0000000050000000                _rtc_data_end = ABSOLUTE (.)

.rtc.bss        0x0000000050000000        0x0
                0x0000000050000000                _rtc_bss_start = ABSOLUTE (.)
 *rtc_wake_stub*.o(.bss .bss.*)
 *rtc_wake_stub*.o(COMMON)
                0x0000000050000000                _rtc_bss_end = ABSOLUTE (.)

.iram0.vectors  0x0000000040080000      0x400
                0x0000000040080000                _init_start = ABSOLUTE (.)
                0x0000000000000000                . = 0x0
 *(.WindowVectors.text)
 .WindowVectors.text
                0x0000000040080000      0x16a /home/lhb/lhb/esp32/example/esp-idf/examples/get-started/hello_world/build/freertos/libfreertos.a(xtensa_vectors.o)
                0x0000000040080000                _WindowOverflow4
                0x0000000040080040                _WindowUnderflow4
                0x0000000040080050                _xt_alloca_exc
                0x0000000040080080                _WindowOverflow8
                0x00000000400800c0                _WindowUnderflow8
                0x0000000040080100                _WindowOverflow12
                0x0000000040080140                _WindowUnderflow12
                0x0000000000000180                . = 0x180
 *fill*         0x000000004008016a       0x16 
 *(.Level2InterruptVector.text)
 .Level2InterruptVector.text
                0x0000000040080180        0x6 /home/lhb/lhb/esp32/example/esp-idf/examples/get-started/hello_world/build/freertos/libfreertos.a(xtensa_vectors.o)
                0x0000000040080180                _Level2Vector
                0x00000000000001c0                . = 0x1c0
 *fill*         0x0000000040080186       0x3a 
 *(.Level3InterruptVector.text)
 .Level3InterruptVector.text
                0x00000000400801c0        0x6 /home/lhb/lhb/esp32/example/esp-idf/examples/get-started/hello_world/build/freertos/libfreertos.a(xtensa_vectors.o)
                0x00000000400801c0                _Level3Vector
                0x0000000000000200                . = 0x200
 *fill*         0x00000000400801c6       0x3a 
 *(.Level4InterruptVector.text)
 .Level4InterruptVector.text
                0x0000000040080200        0x6 /home/lhb/lhb/esp32/example/esp-idf/examples/get-started/hello_world/build/freertos/libfreertos.a(xtensa_vectors.o)
                0x0000000040080200                _Level4Vector
                0x0000000000000240                . = 0x240
 *fill*         0x0000000040080206       0x3a 
 *(.Level5InterruptVector.text)
 .Level5InterruptVector.text
                0x0000000040080240        0x6 /home/lhb/lhb/esp32/example/esp-idf/examples/get-started/hello_world/build/freertos/libfreertos.a(xtensa_vectors.o)
                0x0000000040080240                _Level5Vector
                0x0000000000000280                . = 0x280
 *fill*         0x0000000040080246       0x3a 
 *(.DebugExceptionVector.text)
 .DebugExceptionVector.text
                0x0000000040080280        0x6 /home/lhb/lhb/esp32/example/esp-idf/examples/get-started/hello_world/build/freertos/libfreertos.a(xtensa_vectors.o)
                0x0000000040080280                _DebugExceptionVector
                0x00000000000002c0                . = 0x2c0
 *fill*         0x0000000040080286       0x3a 
 *(.NMIExceptionVector.text)
 .NMIExceptionVector.text
                0x00000000400802c0        0x6 /home/lhb/lhb/esp32/example/esp-idf/examples/get-started/hello_world/build/freertos/libfreertos.a(xtensa_vectors.o)
                0x00000000400802c0                _NMIExceptionVector
                0x0000000000000300                . = 0x300
 *fill*         0x00000000400802c6       0x3a 
 *(.KernelExceptionVector.text)
 .KernelExceptionVector.text
                0x0000000040080300        0x6 /home/lhb/lhb/esp32/example/esp-idf/examples/get-started/hello_world/build/freertos/libfreertos.a(xtensa_vectors.o)
                0x0000000040080300                _KernelExceptionVector
                0x0000000000000340                . = 0x340
 *fill*         0x0000000040080306       0x3a 
 *(.UserExceptionVector.text)
 .UserExceptionVector.text
                0x0000000040080340        0x6 /home/lhb/lhb/esp32/example/esp-idf/examples/get-started/hello_world/build/freertos/libfreertos.a(xtensa_vectors.o)
                0x0000000040080340                _UserExceptionVector
                0x00000000000003c0                . = 0x3c0
 *fill*         0x0000000040080346       0x7a 
 *(.DoubleExceptionVector.text)
 .DoubleExceptionVector.text
                0x00000000400803c0        0xf /home/lhb/lhb/esp32/example/esp-idf/examples/get-started/hello_world/build/freertos/libfreertos.a(xtensa_vectors.o)
                0x00000000400803c0                _DoubleExceptionVector
                0x0000000000000400                . = 0x400
 *fill*         0x00000000400803cf       0x31 
 *(.*Vector.literal)
 *(.UserEnter.literal)
 *(.UserEnter.text)
                0x0000000040080400                . = ALIGN (0x10)
 *(.entry.text)
 *(.init.literal)
 *(.init)
                0x0000000040080400                _init_end = ABSOLUTE (.)
                0x0000000000000000                _iram_start = 0x0

.iram0.text     0x0000000040080400     0x849c
                0x0000000040080400                _iram_text_start = ABSOLUTE (.)
 *(.iram1 .iram1.*)
 .iram1.literal
                0x0000000040080400       0xa8 /home/lhb/lhb/esp32/example/esp-idf/examples/get-started/hello_world/build/esp32/libesp32.a(cpu_start.o)
                                        0x1d4 (size before relaxing)
 .iram1.literal
                0x00000000400804a8        0xc /home/lhb/lhb/esp32/example/esp-idf/examples/get-started/hello_world/build/esp32/libesp32.a(cache_err_int.o)
                                         0x20 (size before relaxing)
 .iram1.literal
                0x00000000400804b4        0xc /home/lhb/lhb/esp32/example/esp-idf/examples/get-started/hello_world/build/esp32/libesp32.a(clk.o)
                                         0x18 (size before relaxing)
 .iram1.literal
                0x00000000400804c0       0x1c /home/lhb/lhb/esp32/example/esp-idf/examples/get-started/hello_world/build/esp32/libesp32.a(crosscore_int.o)
                                         0x40 (size before relaxing)
 .iram1.literal
                0x00000000400804dc       0x20 /home/lhb/lhb/esp32/example/esp-idf/examples/get-started/hello_world/build/esp32/libesp32.a(ipc.o)
                                         0x34 (size before relaxing)
 .iram1.literal
                0x00000000400804fc       0x20 /home/lhb/lhb/esp32/example/esp-idf/examples/get-started/hello_world/build/esp32/libesp32.a(intr_alloc.o)
                                         0x7c (size before relaxing)
 .iram1.literal
                0x000000004008051c        0xc /home/lhb/lhb/esp32/example/esp-idf/examples/get-started/hello_world/build/esp32/libesp32.a(int_wdt.o)
 .iram1.literal
                0x0000000040080528       0x20 /home/lhb/lhb/esp32/example/esp-idf/examples/get-started/hello_world/build/esp32/libesp32.a(esp_timer.o)
                                         0x54 (size before relaxing)
 .iram1.literal
                0x0000000040080548       0x34 /home/lhb/lhb/esp32/example/esp-idf/examples/get-started/hello_world/build/esp32/libesp32.a(dport_access.o)
                                         0x7c (size before relaxing)
 .iram1.literal
                0x000000004008057c       0x10 /home/lhb/lhb/esp32/example/esp-idf/examples/get-started/hello_world/build/esp32/libesp32.a(dport_panic_highint_hdl.o)
                                         0x28 (size before relaxing)
 .iram1.literal
                0x000000004008058c       0x64 /home/lhb/lhb/esp32/example/esp-idf/examples/get-started/hello_world/build/esp32/libesp32.a(system_api.o)
                                         0xc8 (size before relaxing)
 .iram1.literal
                0x00000000400805f0       0x44 /home/lhb/lhb/esp32/example/esp-idf/examples/get-started/hello_world/build/esp32/libesp32.a(esp_timer_esp32.o)
                                         0xc8 (size before relaxing)
 .iram1.literal
                0x0000000040080634        0x4 /home/lhb/lhb/esp32/example/esp-idf/examples/get-started/hello_world/build/esp32/libesp32.a(freertos_hooks.o)
 .iram1.literal
                0x0000000040080638        0x4 /home/lhb/lhb/esp32/example/esp-idf/examples/get-started/hello_world/build/freertos/libfreertos.a(port.o)
 .iram1.literal
                0x000000004008063c       0x44 /home/lhb/lhb/esp32/example/esp-idf/examples/get-started/hello_world/build/freertos/libfreertos.a(xtensa_vectors.o)
                                         0x68 (size before relaxing)
 .iram1.literal
                0x0000000040080680       0x58 /home/lhb/lhb/esp32/example/esp-idf/examples/get-started/hello_world/build/heap/libheap.a(heap_caps.o)
                                         0xb0 (size before relaxing)
 .iram1.literal
                0x00000000400806d8       0x24 /home/lhb/lhb/esp32/example/esp-idf/examples/get-started/hello_world/build/log/liblog.a(log.o)
                                         0x48 (size before relaxing)
 .iram1.literal
                0x00000000400806fc        0x0 /home/lhb/lhb/esp32/example/esp-idf/examples/get-started/hello_world/build/newlib/libnewlib.a(time.o)
                                         0x1c (size before relaxing)
 .iram1.literal
                0x00000000400806fc        0x8 /home/lhb/lhb/esp32/example/esp-idf/examples/get-started/hello_world/build/newlib/libnewlib.a(reent_init.o)
                                         0x10 (size before relaxing)
 .iram1.literal
                0x0000000040080704        0x0 /home/lhb/lhb/esp32/example/esp-idf/examples/get-started/hello_world/build/newlib/libnewlib.a(syscalls.o)
                                         0x14 (size before relaxing)
 .iram1.literal
                0x0000000040080704       0x14 /home/lhb/lhb/esp32/example/esp-idf/examples/get-started/hello_world/build/newlib/libnewlib.a(locks.o)
                                         0x90 (size before relaxing)
 .iram1.literal
                0x0000000040080718       0x1c /home/lhb/lhb/esp32/example/esp-idf/examples/get-started/hello_world/build/soc/libsoc.a(cpu_util.o)
                                         0x30 (size before relaxing)
 .iram1.literal
                0x0000000040080734       0x50 /home/lhb/lhb/esp32/example/esp-idf/examples/get-started/hello_world/build/spi_flash/libspi_flash.a(cache_utils.o)
                                        0x144 (size before relaxing)
 .iram1.literal
                0x0000000040080784       0x38 /home/lhb/lhb/esp32/example/esp-idf/examples/get-started/hello_world/build/spi_flash/libspi_flash.a(flash_ops.o)
                                         0xe4 (size before relaxing)
 .iram1.literal
                0x00000000400807bc       0x4c /home/lhb/lhb/esp32/example/esp-idf/examples/get-started/hello_world/build/spi_flash/libspi_flash.a(flash_mmap.o)
                                        0x108 (size before relaxing)
 .literal.xt_unhandled_interrupt
                0x0000000040080808        0x4 /home/lhb/lhb/esp32/example/esp-idf/examples/get-started/hello_world/build/freertos/libfreertos.a(xtensa_intr.o)
                                          0x8 (size before relaxing)
 .literal.xt_set_interrupt_handler
                0x000000004008080c        0x8 /home/lhb/lhb/esp32/example/esp-idf/examples/get-started/hello_world/build/freertos/libfreertos.a(xtensa_intr.o)
                                          0xc (size before relaxing)
 .literal.prvIsQueueFull
                0x0000000040080814        0x0 /home/lhb/lhb/esp32/example/esp-idf/examples/get-started/hello_world/build/freertos/libfreertos.a(queue.o)
                                          0x8 (size before relaxing)
 .literal.prvCopyDataToQueue
                0x0000000040080814        0x0 /home/lhb/lhb/esp32/example/esp-idf/examples/get-started/hello_world/build/freertos/libfreertos.a(queue.o)
                                          0xc (size before relaxing)
 .literal.prvNotifyQueueSetContainer
                0x0000000040080814       0x14 /home/lhb/lhb/esp32/example/esp-idf/examples/get-started/hello_world/build/freertos/libfreertos.a(queue.o)
                                         0x2c (size before relaxing)
 .literal.prvCopyDataFromQueue
                0x0000000040080828        0x0 /home/lhb/lhb/esp32/example/esp-idf/examples/get-started/hello_world/build/freertos/libfreertos.a(queue.o)
                                          0x4 (size before relaxing)
 .literal.xQueueGenericReset
                0x0000000040080828        0x4 /home/lhb/lhb/esp32/example/esp-idf/examples/get-started/hello_world/build/freertos/libfreertos.a(queue.o)
                                         0x30 (size before relaxing)
 .literal.prvInitialiseNewQueue
                0x000000004008082c        0x0 /home/lhb/lhb/esp32/example/esp-idf/examples/get-started/hello_world/build/freertos/libfreertos.a(queue.o)
                                          0x4 (size before relaxing)
 .literal.xQueueGenericCreate
                0x000000004008082c        0x4 /home/lhb/lhb/esp32/example/esp-idf/examples/get-started/hello_world/build/freertos/libfreertos.a(queue.o)
                                         0x1c (size before relaxing)
 .literal.xQueueGetMutexHolder
                0x0000000040080830        0x0 /home/lhb/lhb/esp32/example/esp-idf/examples/get-started/hello_world/build/freertos/libfreertos.a(queue.o)
                                          0x8 (size before relaxing)
 .literal.xQueueCreateCountingSemaphore
                0x0000000040080830        0x4 /home/lhb/lhb/esp32/example/esp-idf/examples/get-started/hello_world/build/freertos/libfreertos.a(queue.o)
                                         0x28 (size before relaxing)
 .literal.xQueueGenericSend
                0x0000000040080834        0x4 /home/lhb/lhb/esp32/example/esp-idf/examples/get-started/hello_world/build/freertos/libfreertos.a(queue.o)
                                         0x7c (size before relaxing)
 .literal.prvInitialiseMutex
                0x0000000040080838        0x0 /home/lhb/lhb/esp32/example/esp-idf/examples/get-started/hello_world/build/freertos/libfreertos.a(queue.o)
                                          0x8 (size before relaxing)
 .literal.xQueueCreateMutex
                0x0000000040080838        0x0 /home/lhb/lhb/esp32/example/esp-idf/examples/get-started/hello_world/build/freertos/libfreertos.a(queue.o)
                                          0x8 (size before relaxing)
 .literal.xQueueGiveMutexRecursive
                0x0000000040080838        0x4 /home/lhb/lhb/esp32/example/esp-idf/examples/get-started/hello_world/build/freertos/libfreertos.a(queue.o)
                                         0x1c (size before relaxing)
 .literal.xQueueGenericSendFromISR
                0x000000004008083c        0x4 /home/lhb/lhb/esp32/example/esp-idf/examples/get-started/hello_world/build/freertos/libfreertos.a(queue.o)
                                         0x3c (size before relaxing)
 .literal.xQueueGiveFromISR
                0x0000000040080840        0x4 /home/lhb/lhb/esp32/example/esp-idf/examples/get-started/hello_world/build/freertos/libfreertos.a(queue.o)
                                         0x30 (size before relaxing)
 .literal.xQueueGenericReceive
                0x0000000040080844        0x4 /home/lhb/lhb/esp32/example/esp-idf/examples/get-started/hello_world/build/freertos/libfreertos.a(queue.o)
                                         0x78 (size before relaxing)
 .literal.xQueueTakeMutexRecursive
                0x0000000040080848        0x4 /home/lhb/lhb/esp32/example/esp-idf/examples/get-started/hello_world/build/freertos/libfreertos.a(queue.o)
                                         0x1c (size before relaxing)
 .literal.xQueueReceiveFromISR
                0x000000004008084c        0x4 /home/lhb/lhb/esp32/example/esp-idf/examples/get-started/hello_world/build/freertos/libfreertos.a(queue.o)
                                         0x30 (size before relaxing)
 .literal.vQueueDelete
                0x0000000040080850        0x4 /home/lhb/lhb/esp32/example/esp-idf/examples/get-started/hello_world/build/freertos/libfreertos.a(queue.o)
                                         0x18 (size before relaxing)
 .literal.vQueueWaitForMessageRestricted
                0x0000000040080854        0x0 /home/lhb/lhb/esp32/example/esp-idf/examples/get-started/hello_world/build/freertos/libfreertos.a(queue.o)
                                          0xc (size before relaxing)
 .literal.pxPortInitialiseStack
                0x0000000040080854        0x4 /home/lhb/lhb/esp32/example/esp-idf/examples/get-started/hello_world/build/freertos/libfreertos.a(port.o)
                                          0x8 (size before relaxing)
 .literal.xPortStartScheduler
                0x0000000040080858        0x0 /home/lhb/lhb/esp32/example/esp-idf/examples/get-started/hello_world/build/freertos/libfreertos.a(port.o)
                                         0x14 (size before relaxing)
 .literal.xPortSysTickHandler
                0x0000000040080858        0x0 /home/lhb/lhb/esp32/example/esp-idf/examples/get-started/hello_world/build/freertos/libfreertos.a(port.o)
                                          0x8 (size before relaxing)
 .literal.vPortYieldOtherCore
                0x0000000040080858        0x0 /home/lhb/lhb/esp32/example/esp-idf/examples/get-started/hello_world/build/freertos/libfreertos.a(port.o)
                                          0x4 (size before relaxing)
 .literal.vPortReleaseTaskMPUSettings
                0x0000000040080858        0x0 /home/lhb/lhb/esp32/example/esp-idf/examples/get-started/hello_world/build/freertos/libfreertos.a(port.o)
                                          0x4 (size before relaxing)
 .literal.xPortInIsrContext
                0x0000000040080858        0x0 /home/lhb/lhb/esp32/example/esp-idf/examples/get-started/hello_world/build/freertos/libfreertos.a(port.o)
                                          0x8 (size before relaxing)
 .literal.vPortCPUInitializeMutex
                0x0000000040080858        0x4 /home/lhb/lhb/esp32/example/esp-idf/examples/get-started/hello_world/build/freertos/libfreertos.a(port.o)
 .literal.vPortCPUAcquireMutex
                0x000000004008085c       0x1c /home/lhb/lhb/esp32/example/esp-idf/examples/get-started/hello_world/build/freertos/libfreertos.a(port.o)
                                         0x30 (size before relaxing)
 .literal.vPortCPUReleaseMutex
                0x0000000040080878       0x10 /home/lhb/lhb/esp32/example/esp-idf/examples/get-started/hello_world/build/freertos/libfreertos.a(port.o)
                                         0x28 (size before relaxing)
 .literal.prvResetNextTaskUnblockTime
                0x0000000040080888        0x8 /home/lhb/lhb/esp32/example/esp-idf/examples/get-started/hello_world/build/freertos/libfreertos.a(tasks.o)
 .literal.prvDeleteTLS
                0x0000000040080890       0x10 /home/lhb/lhb/esp32/example/esp-idf/examples/get-started/hello_world/build/freertos/libfreertos.a(tasks.o)
                                         0x18 (size before relaxing)
 .literal.prvInitialiseNewTask
                0x00000000400808a0        0x0 /home/lhb/lhb/esp32/example/esp-idf/examples/get-started/hello_world/build/freertos/libfreertos.a(tasks.o)
                                         0x18 (size before relaxing)
 .literal.prvInitialiseTaskLists
                0x00000000400808a0       0x20 /home/lhb/lhb/esp32/example/esp-idf/examples/get-started/hello_world/build/freertos/libfreertos.a(tasks.o)
                                         0x40 (size before relaxing)
 .literal.prvDeleteTCB
                0x00000000400808c0        0x8 /home/lhb/lhb/esp32/example/esp-idf/examples/get-started/hello_world/build/freertos/libfreertos.a(tasks.o)
                                         0x2c (size before relaxing)
 .literal.prvAddCurrentTaskToDelayedList
                0x00000000400808c8        0x4 /home/lhb/lhb/esp32/example/esp-idf/examples/get-started/hello_world/build/freertos/libfreertos.a(tasks.o)
                                         0x1c (size before relaxing)
 .literal.taskYIELD_OTHER_CORE
                0x00000000400808cc        0x0 /home/lhb/lhb/esp32/example/esp-idf/examples/get-started/hello_world/build/freertos/libfreertos.a(tasks.o)
                                         0x10 (size before relaxing)
 .literal.vTaskSuspendAll
                0x00000000400808cc        0x4 /home/lhb/lhb/esp32/example/esp-idf/examples/get-started/hello_world/build/freertos/libfreertos.a(tasks.o)
                                          0x8 (size before relaxing)
 .literal.xTaskGetIdleTaskHandleForCPU
                0x00000000400808d0        0xc /home/lhb/lhb/esp32/example/esp-idf/examples/get-started/hello_world/build/freertos/libfreertos.a(tasks.o)
                                         0x1c (size before relaxing)
 .literal.vTaskSwitchContext
                0x00000000400808dc       0x18 /home/lhb/lhb/esp32/example/esp-idf/examples/get-started/hello_world/build/freertos/libfreertos.a(tasks.o)
                                         0x3c (size before relaxing)
 .literal.vTaskSetTimeOutState
                0x00000000400808f4        0xc /home/lhb/lhb/esp32/example/esp-idf/examples/get-started/hello_world/build/freertos/libfreertos.a(tasks.o)
                                         0x20 (size before relaxing)
 .literal.xTaskGetCurrentTaskHandle
                0x0000000040080900        0x0 /home/lhb/lhb/esp32/example/esp-idf/examples/get-started/hello_world/build/freertos/libfreertos.a(tasks.o)
                                          0x8 (size before relaxing)
 .literal.__getreent
                0x0000000040080900        0x0 /home/lhb/lhb/esp32/example/esp-idf/examples/get-started/hello_world/build/freertos/libfreertos.a(tasks.o)
                                          0x8 (size before relaxing)
 .literal.pcTaskGetTaskName
                0x0000000040080900        0x8 /home/lhb/lhb/esp32/example/esp-idf/examples/get-started/hello_world/build/freertos/libfreertos.a(tasks.o)
                                         0x1c (size before relaxing)
 .literal.xTaskGetAffinity
                0x0000000040080908        0x0 /home/lhb/lhb/esp32/example/esp-idf/examples/get-started/hello_world/build/freertos/libfreertos.a(tasks.o)
                                          0x4 (size before relaxing)
 .literal.xTaskGetCurrentTaskHandleForCPU
                0x0000000040080908        0x0 /home/lhb/lhb/esp32/example/esp-idf/examples/get-started/hello_world/build/freertos/libfreertos.a(tasks.o)
                                          0x4 (size before relaxing)
 .literal.xTaskGetSchedulerState
                0x0000000040080908        0x4 /home/lhb/lhb/esp32/example/esp-idf/examples/get-started/hello_world/build/freertos/libfreertos.a(tasks.o)
                                          0xc (size before relaxing)
 .literal.vTaskEnterCritical
                0x000000004008090c       0x14 /home/lhb/lhb/esp32/example/esp-idf/examples/get-started/hello_world/build/freertos/libfreertos.a(tasks.o)
                                         0x34 (size before relaxing)
 .literal.vTaskExitCritical
                0x0000000040080920       0x10 /home/lhb/lhb/esp32/example/esp-idf/examples/get-started/hello_world/build/freertos/libfreertos.a(tasks.o)
                                         0x30 (size before relaxing)
 .literal.prvAddNewTaskToReadyList
                0x0000000040080930       0x10 /home/lhb/lhb/esp32/example/esp-idf/examples/get-started/hello_world/build/freertos/libfreertos.a(tasks.o)
                                         0x58 (size before relaxing)
 .literal.xTaskCreatePinnedToCore
                0x0000000040080940        0x0 /home/lhb/lhb/esp32/example/esp-idf/examples/get-started/hello_world/build/freertos/libfreertos.a(tasks.o)
                                         0x18 (size before relaxing)
 .literal.vTaskStartScheduler
                0x0000000040080940       0x10 /home/lhb/lhb/esp32/example/esp-idf/examples/get-started/hello_world/build/freertos/libfreertos.a(tasks.o)
                                         0x38 (size before relaxing)
 .literal.vTaskDelete
                0x0000000040080950        0x8 /home/lhb/lhb/esp32/example/esp-idf/examples/get-started/hello_world/build/freertos/libfreertos.a(tasks.o)
                                         0x60 (size before relaxing)
 .literal.vTaskDelay
                0x0000000040080958        0x4 /home/lhb/lhb/esp32/example/esp-idf/examples/get-started/hello_world/build/freertos/libfreertos.a(tasks.o)
                                         0x38 (size before relaxing)
 .literal.prvCheckTasksWaitingTermination
                0x000000004008095c        0x8 /home/lhb/lhb/esp32/example/esp-idf/examples/get-started/hello_world/build/freertos/libfreertos.a(tasks.o)
                                         0x30 (size before relaxing)
 .literal.prvIdleTask
                0x0000000040080964        0x0 /home/lhb/lhb/esp32/example/esp-idf/examples/get-started/hello_world/build/freertos/libfreertos.a(tasks.o)
                                          0x8 (size before relaxing)
 .literal.xTaskGetTickCount
                0x0000000040080964        0x4 /home/lhb/lhb/esp32/example/esp-idf/examples/get-started/hello_world/build/freertos/libfreertos.a(tasks.o)
                                         0x10 (size before relaxing)
 .literal.xTaskIncrementTick
                0x0000000040080968        0xc /home/lhb/lhb/esp32/example/esp-idf/examples/get-started/hello_world/build/freertos/libfreertos.a(tasks.o)
                                         0x78 (size before relaxing)
 .literal.xTaskResumeAll
                0x0000000040080974        0x8 /home/lhb/lhb/esp32/example/esp-idf/examples/get-started/hello_world/build/freertos/libfreertos.a(tasks.o)
                                         0x5c (size before relaxing)
 .literal.vTaskPlaceOnEventList
                0x000000004008097c        0x8 /home/lhb/lhb/esp32/example/esp-idf/examples/get-started/hello_world/build/freertos/libfreertos.a(tasks.o)
                                         0x40 (size before relaxing)
 .literal.vTaskPlaceOnEventListRestricted
                0x0000000040080984        0x8 /home/lhb/lhb/esp32/example/esp-idf/examples/get-started/hello_world/build/freertos/libfreertos.a(tasks.o)
                                         0x38 (size before relaxing)
 .literal.xTaskRemoveFromEventList
                0x000000004008098c        0x8 /home/lhb/lhb/esp32/example/esp-idf/examples/get-started/hello_world/build/freertos/libfreertos.a(tasks.o)
                                         0x58 (size before relaxing)
 .literal.xTaskCheckForTimeOut
                0x0000000040080994        0xc /home/lhb/lhb/esp32/example/esp-idf/examples/get-started/hello_world/build/freertos/libfreertos.a(tasks.o)
                                         0x3c (size before relaxing)
 .literal.vTaskPriorityInherit
                0x00000000400809a0        0x0 /home/lhb/lhb/esp32/example/esp-idf/examples/get-started/hello_world/build/freertos/libfreertos.a(tasks.o)
                                         0x2c (size before relaxing)
 .literal.xTaskPriorityDisinherit
                0x00000000400809a0        0x8 /home/lhb/lhb/esp32/example/esp-idf/examples/get-started/hello_world/build/freertos/libfreertos.a(tasks.o)
                                         0x40 (size before relaxing)
 .literal.pvTaskIncrementMutexHeldCount
                0x00000000400809a8        0x0 /home/lhb/lhb/esp32/example/esp-idf/examples/get-started/hello_world/build/freertos/libfreertos.a(tasks.o)
                                         0x10 (size before relaxing)
 .literal.prvGetNextExpireTime
                0x00000000400809a8        0x4 /home/lhb/lhb/esp32/example/esp-idf/examples/get-started/hello_world/build/freertos/libfreertos.a(timers.o)
 .literal.prvInsertTimerInActiveList
                0x00000000400809ac        0x4 /home/lhb/lhb/esp32/example/esp-idf/examples/get-started/hello_world/build/freertos/libfreertos.a(timers.o)
                                         0x10 (size before relaxing)
 .literal.prvCheckForValidListAndQueue
                0x00000000400809b0       0x1c /home/lhb/lhb/esp32/example/esp-idf/examples/get-started/hello_world/build/freertos/libfreertos.a(timers.o)
                                         0x44 (size before relaxing)
 .literal.xTimerCreateTimerTask
                0x00000000400809cc       0x10 /home/lhb/lhb/esp32/example/esp-idf/examples/get-started/hello_world/build/freertos/libfreertos.a(timers.o)
                                         0x2c (size before relaxing)
 .literal.xTimerGenericCommand
                0x00000000400809dc        0x0 /home/lhb/lhb/esp32/example/esp-idf/examples/get-started/hello_world/build/freertos/libfreertos.a(timers.o)
                                         0x14 (size before relaxing)
 .literal.prvSwitchTimerLists
                0x00000000400809dc        0x4 /home/lhb/lhb/esp32/example/esp-idf/examples/get-started/hello_world/build/freertos/libfreertos.a(timers.o)
                                         0x28 (size before relaxing)
 .literal.prvSampleTimeNow
                0x00000000400809e0        0x4 /home/lhb/lhb/esp32/example/esp-idf/examples/get-started/hello_world/build/freertos/libfreertos.a(timers.o)
                                          0xc (size before relaxing)
 .literal.prvProcessExpiredTimer
                0x00000000400809e4        0x4 /home/lhb/lhb/esp32/example/esp-idf/examples/get-started/hello_world/build/freertos/libfreertos.a(timers.o)
                                         0x24 (size before relaxing)
 .literal.prvProcessTimerOrBlockTask
                0x00000000400809e8        0x0 /home/lhb/lhb/esp32/example/esp-idf/examples/get-started/hello_world/build/freertos/libfreertos.a(timers.o)
                                         0x24 (size before relaxing)
 .literal.prvProcessReceivedCommands
                0x00000000400809e8        0x8 /home/lhb/lhb/esp32/example/esp-idf/examples/get-started/hello_world/build/freertos/libfreertos.a(timers.o)
                                         0x40 (size before relaxing)
 .literal.prvTimerTask
                0x00000000400809f0        0x0 /home/lhb/lhb/esp32/example/esp-idf/examples/get-started/hello_world/build/freertos/libfreertos.a(timers.o)
                                          0xc (size before relaxing)
 .literal       0x00000000400809f0        0x0 /home/lhb/lhb/esp32/example/esp-idf/examples/get-started/hello_world/build/freertos/libfreertos.a(xtensa_context.o)
                                         0x10 (size before relaxing)
 .literal       0x00000000400809f0       0x10 /home/lhb/lhb/esp32/example/esp-idf/examples/get-started/hello_world/build/freertos/libfreertos.a(portasm.o)
                                         0x54 (size before relaxing)
 .literal._xt_tick_divisor_init
                0x0000000040080a00        0x4 /home/lhb/lhb/esp32/example/esp-idf/examples/get-started/hello_world/build/freertos/libfreertos.a(xtensa_init.o)
                                          0xc (size before relaxing)
 .literal.get_prev_free_block
                0x0000000040080a04       0x10 /home/lhb/lhb/esp32/example/esp-idf/examples/get-started/hello_world/build/heap/libheap.a(multi_heap.o)
                                         0x28 (size before relaxing)
 .literal.split_if_necessary
                0x0000000040080a14        0x8 /home/lhb/lhb/esp32/example/esp-idf/examples/get-started/hello_world/build/heap/libheap.a(multi_heap.o)
                                         0x38 (size before relaxing)
 .literal.assert_valid_block
                0x0000000040080a1c        0x8 /home/lhb/lhb/esp32/example/esp-idf/examples/get-started/hello_world/build/heap/libheap.a(multi_heap.o)
                                         0x2c (size before relaxing)
 .literal.merge_adjacent
                0x0000000040080a24        0x8 /home/lhb/lhb/esp32/example/esp-idf/examples/get-started/hello_world/build/heap/libheap.a(multi_heap.o)
                                         0x4c (size before relaxing)
 .literal.multi_heap_get_allocated_size_impl
                0x0000000040080a2c        0x0 /home/lhb/lhb/esp32/example/esp-idf/examples/get-started/hello_world/build/heap/libheap.a(multi_heap.o)
                                         0x10 (size before relaxing)
 .literal.multi_heap_malloc_impl
                0x0000000040080a2c        0x0 /home/lhb/lhb/esp32/example/esp-idf/examples/get-started/hello_world/build/heap/libheap.a(multi_heap.o)
                                         0x28 (size before relaxing)
 .literal.multi_heap_free_impl
                0x0000000040080a2c        0x0 /home/lhb/lhb/esp32/example/esp-idf/examples/get-started/hello_world/build/heap/libheap.a(multi_heap.o)
                                         0x50 (size before relaxing)
 .literal.multi_heap_realloc_impl
                0x0000000040080a2c        0x8 /home/lhb/lhb/esp32/example/esp-idf/examples/get-started/hello_world/build/heap/libheap.a(multi_heap.o)
                                         0x68 (size before relaxing)
 .literal.panicPutChar
                0x0000000040080a34        0x8 /home/lhb/lhb/esp32/example/esp-idf/examples/get-started/hello_world/build/esp32/libesp32.a(panic.o)
 .literal.panicPutStr
                0x0000000040080a3c        0x0 /home/lhb/lhb/esp32/example/esp-idf/examples/get-started/hello_world/build/esp32/libesp32.a(panic.o)
                                          0x4 (size before relaxing)
 .literal.panicPutHex
                0x0000000040080a3c        0x0 /home/lhb/lhb/esp32/example/esp-idf/examples/get-started/hello_world/build/esp32/libesp32.a(panic.o)
                                          0x8 (size before relaxing)
 .literal.panicPutDec
                0x0000000040080a3c        0x4 /home/lhb/lhb/esp32/example/esp-idf/examples/get-started/hello_world/build/esp32/libesp32.a(panic.o)
                                         0x10 (size before relaxing)
 .literal.reconfigureAllWdts
                0x0000000040080a40       0x10 /home/lhb/lhb/esp32/example/esp-idf/examples/get-started/hello_world/build/esp32/libesp32.a(panic.o)
                                         0x24 (size before relaxing)
 .literal.putEntry
                0x0000000040080a50       0x10 /home/lhb/lhb/esp32/example/esp-idf/examples/get-started/hello_world/build/esp32/libesp32.a(panic.o)
                                         0x20 (size before relaxing)
 .literal.doBacktrace
                0x0000000040080a60       0x10 /home/lhb/lhb/esp32/example/esp-idf/examples/get-started/hello_world/build/esp32/libesp32.a(panic.o)
                                         0x24 (size before relaxing)
 .literal.invoke_abort
                0x0000000040080a70        0x4 /home/lhb/lhb/esp32/example/esp-idf/examples/get-started/hello_world/build/esp32/libesp32.a(panic.o)
                                          0x8 (size before relaxing)
 .literal.haltOtherCore
                0x0000000040080a74        0x0 /home/lhb/lhb/esp32/example/esp-idf/examples/get-started/hello_world/build/esp32/libesp32.a(panic.o)
                                          0x4 (size before relaxing)
 .literal.esp_panic_wdt_start
                0x0000000040080a74       0x14 /home/lhb/lhb/esp32/example/esp-idf/examples/get-started/hello_world/build/esp32/libesp32.a(panic.o)
                                         0x2c (size before relaxing)
 .literal.commonErrorHandler_dump
                0x0000000040080a88       0x30 /home/lhb/lhb/esp32/example/esp-idf/examples/get-started/hello_world/build/esp32/libesp32.a(panic.o)
                                         0x90 (size before relaxing)
 .literal.esp_panic_dig_reset
                0x0000000040080ab8        0x0 /home/lhb/lhb/esp32/example/esp-idf/examples/get-started/hello_world/build/esp32/libesp32.a(panic.o)
                                         0x14 (size before relaxing)
 .literal.abort
                0x0000000040080ab8        0x8 /home/lhb/lhb/esp32/example/esp-idf/examples/get-started/hello_world/build/esp32/libesp32.a(panic.o)
                                         0x10 (size before relaxing)
 .literal.vApplicationStackOverflowHook
                0x0000000040080ac0        0x8 /home/lhb/lhb/esp32/example/esp-idf/examples/get-started/hello_world/build/esp32/libesp32.a(panic.o)
                                         0x18 (size before relaxing)
 .literal.esp_panic_wdt_stop
                0x0000000040080ac8        0x0 /home/lhb/lhb/esp32/example/esp-idf/examples/get-started/hello_world/build/esp32/libesp32.a(panic.o)
                                         0x18 (size before relaxing)
 .literal.commonErrorHandler
                0x0000000040080ac8        0x4 /home/lhb/lhb/esp32/example/esp-idf/examples/get-started/hello_world/build/esp32/libesp32.a(panic.o)
                                         0x28 (size before relaxing)
 .literal.panicHandler
                0x0000000040080acc       0x34 /home/lhb/lhb/esp32/example/esp-idf/examples/get-started/hello_world/build/esp32/libesp32.a(panic.o)
                                         0xa4 (size before relaxing)
 .literal.xt_unhandled_exception
                0x0000000040080b00       0x14 /home/lhb/lhb/esp32/example/esp-idf/examples/get-started/hello_world/build/esp32/libesp32.a(panic.o)
                                         0x60 (size before relaxing)
 .literal._esp_error_check_failed
                0x0000000040080b14        0xc /home/lhb/lhb/esp32/example/esp-idf/examples/get-started/hello_world/build/esp32/libesp32.a(panic.o)
                                         0x1c (size before relaxing)
 .literal.rtc_init
                0x0000000040080b20       0x9c /home/lhb/lhb/esp32/example/esp-idf/examples/get-started/hello_world/build/soc/libsoc.a(rtc_init.o)
                                        0x100 (size before relaxing)
 .literal.rtc_clk_cal_internal
                0x0000000040080bbc       0x1c /home/lhb/lhb/esp32/example/esp-idf/examples/get-started/hello_world/build/soc/libsoc.a(rtc_time.o)
                                         0x3c (size before relaxing)
 .literal.rtc_clk_cal
                0x0000000040080bd8        0x0 /home/lhb/lhb/esp32/example/esp-idf/examples/get-started/hello_world/build/soc/libsoc.a(rtc_time.o)
                                          0xc (size before relaxing)
 .literal.rtc_time_get
                0x0000000040080bd8       0x10 /home/lhb/lhb/esp32/example/esp-idf/examples/get-started/hello_world/build/soc/libsoc.a(rtc_time.o)
                                         0x18 (size before relaxing)
 .literal.rtc_clk_wait_for_slow_cycle
                0x0000000040080be8        0x8 /home/lhb/lhb/esp32/example/esp-idf/examples/get-started/hello_world/build/soc/libsoc.a(rtc_time.o)
                                         0x20 (size before relaxing)
 .literal.rtc_clk_32k_enable_internal
                0x0000000040080bf0       0x14 /home/lhb/lhb/esp32/example/esp-idf/examples/get-started/hello_world/build/soc/libsoc.a(rtc_clk.o)
 .literal.rtc_clk_32k_enable
                0x0000000040080c04        0x0 /home/lhb/lhb/esp32/example/esp-idf/examples/get-started/hello_world/build/soc/libsoc.a(rtc_clk.o)
                                          0xc (size before relaxing)
 .literal.rtc_clk_slow_freq_set
                0x0000000040080c04        0x0 /home/lhb/lhb/esp32/example/esp-idf/examples/get-started/hello_world/build/soc/libsoc.a(rtc_clk.o)
                                          0xc (size before relaxing)
 .literal.rtc_clk_slow_freq_get
                0x0000000040080c04        0x0 /home/lhb/lhb/esp32/example/esp-idf/examples/get-started/hello_world/build/soc/libsoc.a(rtc_clk.o)
                                          0x4 (size before relaxing)
 .literal.rtc_clk_slow_freq_get_hz
                0x0000000040080c04        0x0 /home/lhb/lhb/esp32/example/esp-idf/examples/get-started/hello_world/build/soc/libsoc.a(rtc_clk.o)
                                         0x10 (size before relaxing)
 .literal.rtc_clk_fast_freq_set
                0x0000000040080c04        0x0 /home/lhb/lhb/esp32/example/esp-idf/examples/get-started/hello_world/build/soc/libsoc.a(rtc_clk.o)
                                          0xc (size before relaxing)
 .literal.rtc_clk_bbpll_set
                0x0000000040080c04        0x8 /home/lhb/lhb/esp32/example/esp-idf/examples/get-started/hello_world/build/soc/libsoc.a(rtc_clk.o)
                                         0x38 (size before relaxing)
 .literal.rtc_clk_xtal_freq_get
                0x0000000040080c0c        0xc /home/lhb/lhb/esp32/example/esp-idf/examples/get-started/hello_world/build/soc/libsoc.a(rtc_clk.o)
                                         0x1c (size before relaxing)
 .literal.rtc_clk_cpu_freq_get
                0x0000000040080c18       0x14 /home/lhb/lhb/esp32/example/esp-idf/examples/get-started/hello_world/build/soc/libsoc.a(rtc_clk.o)
                                         0x30 (size before relaxing)
 .literal.rtc_clk_cpu_freq_value
                0x0000000040080c2c       0x1c /home/lhb/lhb/esp32/example/esp-idf/examples/get-started/hello_world/build/soc/libsoc.a(rtc_clk.o)
                                         0x2c (size before relaxing)
 .literal.rtc_clk_apb_freq_update
                0x0000000040080c48        0x4 /home/lhb/lhb/esp32/example/esp-idf/examples/get-started/hello_world/build/soc/libsoc.a(rtc_clk.o)
                                          0x8 (size before relaxing)
 .literal.rtc_clk_cpu_freq_set
                0x0000000040080c4c       0x14 /home/lhb/lhb/esp32/example/esp-idf/examples/get-started/hello_world/build/soc/libsoc.a(rtc_clk.o)
                                         0x98 (size before relaxing)
 .literal.rtc_clk_apb_freq_get
                0x0000000040080c60        0x8 /home/lhb/lhb/esp32/example/esp-idf/examples/get-started/hello_world/build/soc/libsoc.a(rtc_clk.o)
                                         0x14 (size before relaxing)
 .literal       0x0000000040080c68        0x0 /home/lhb/lhb/esp32/example/esp-idf/components/esp32/libhal.a(windowspill_asm.o)
                                          0x4 (size before relaxing)
 .literal.esp_rom_spiflash_read_status
                0x0000000040080c68       0x10 /home/lhb/lhb/esp32/example/esp-idf/examples/get-started/hello_world/build/spi_flash/libspi_flash.a(spi_flash_rom_patch.o)
                                         0x14 (size before relaxing)
 .literal.esp_rom_spiflash_wait_idle
                0x0000000040080c78        0x8 /home/lhb/lhb/esp32/example/esp-idf/examples/get-started/hello_world/build/spi_flash/libspi_flash.a(spi_flash_rom_patch.o)
                                          0xc (size before relaxing)
 .literal.esp_rom_spiflash_erase_block_internal
                0x0000000040080c80        0x4 /home/lhb/lhb/esp32/example/esp-idf/examples/get-started/hello_world/build/spi_flash/libspi_flash.a(spi_flash_rom_patch.o)
                                         0x18 (size before relaxing)
 .literal.esp_rom_spiflash_erase_sector_internal
                0x0000000040080c84        0x0 /home/lhb/lhb/esp32/example/esp-idf/examples/get-started/hello_world/build/spi_flash/libspi_flash.a(spi_flash_rom_patch.o)
                                         0x18 (size before relaxing)
 .literal.esp_rom_spiflash_read_data
                0x0000000040080c84       0x18 /home/lhb/lhb/esp32/example/esp-idf/examples/get-started/hello_world/build/spi_flash/libspi_flash.a(spi_flash_rom_patch.o)
                                         0x34 (size before relaxing)
 .literal.esp_rom_spiflash_enable_write
                0x0000000040080c9c        0x0 /home/lhb/lhb/esp32/example/esp-idf/examples/get-started/hello_world/build/spi_flash/libspi_flash.a(spi_flash_rom_patch.o)
                                         0x10 (size before relaxing)
 .literal.esp_rom_spiflash_program_page_internal
                0x0000000040080c9c       0x10 /home/lhb/lhb/esp32/example/esp-idf/examples/get-started/hello_world/build/spi_flash/libspi_flash.a(spi_flash_rom_patch.o)
                                         0x40 (size before relaxing)
 .literal.esp_rom_spiflash_read_statushigh
                0x0000000040080cac        0x4 /home/lhb/lhb/esp32/example/esp-idf/examples/get-started/hello_world/build/spi_flash/libspi_flash.a(spi_flash_rom_patch.o)
                                          0xc (size before relaxing)
 .literal.esp_rom_spiflash_write_status
                0x0000000040080cb0        0x4 /home/lhb/lhb/esp32/example/esp-idf/examples/get-started/hello_world/build/spi_flash/libspi_flash.a(spi_flash_rom_patch.o)
                                         0x14 (size before relaxing)
 .literal.esp_rom_spiflash_unlock
                0x0000000040080cb4        0x8 /home/lhb/lhb/esp32/example/esp-idf/examples/get-started/hello_world/build/spi_flash/libspi_flash.a(spi_flash_rom_patch.o)
                                         0x28 (size before relaxing)
 .literal.esp_rom_spiflash_erase_block
                0x0000000040080cbc        0xc /home/lhb/lhb/esp32/example/esp-idf/examples/get-started/hello_world/build/spi_flash/libspi_flash.a(spi_flash_rom_patch.o)
                                         0x20 (size before relaxing)
 .literal.esp_rom_spiflash_erase_sector
                0x0000000040080cc8        0x0 /home/lhb/lhb/esp32/example/esp-idf/examples/get-started/hello_world/build/spi_flash/libspi_flash.a(spi_flash_rom_patch.o)
                                         0x20 (size before relaxing)
 .literal.esp_rom_spiflash_write
                0x0000000040080cc8        0x0 /home/lhb/lhb/esp32/example/esp-idf/examples/get-started/hello_world/build/spi_flash/libspi_flash.a(spi_flash_rom_patch.o)
                                         0x28 (size before relaxing)
 .literal.esp_rom_spiflash_write_encrypted
                0x0000000040080cc8        0xc /home/lhb/lhb/esp32/example/esp-idf/examples/get-started/hello_world/build/spi_flash/libspi_flash.a(spi_flash_rom_patch.o)
                                         0x10 (size before relaxing)
 .literal.esp_rom_spiflash_read
                0x0000000040080cd4       0x30 /home/lhb/lhb/esp32/example/esp-idf/examples/get-started/hello_world/build/spi_flash/libspi_flash.a(spi_flash_rom_patch.o)
                                         0x5c (size before relaxing)
 .literal       0x0000000040080d04       0x10 /home/lhb/lhb/esp32/example/esp-idf/components/newlib/lib/libm.a(lib_a-s_fpclassify.o)
                                         0x18 (size before relaxing)
 .iram1         0x0000000040080d14      0x29e /home/lhb/lhb/esp32/example/esp-idf/examples/get-started/hello_world/build/esp32/libesp32.a(cpu_start.o)
                                        0x35e (size before relaxing)
                0x0000000040080d14                start_cpu0
                0x0000000040080d14                start_cpu0_default
                0x0000000040080de4                start_cpu1_default
                0x0000000040080de4                start_cpu1
                0x0000000040080e60                call_start_cpu0
 *fill*         0x0000000040080fb2        0x2 
 .iram1         0x0000000040080fb4       0x3a /home/lhb/lhb/esp32/example/esp-idf/examples/get-started/hello_world/build/esp32/libesp32.a(cache_err_int.o)
                                         0x4a (size before relaxing)
                0x0000000040080fb4                esp_cache_err_get_cpuid
 *fill*         0x0000000040080fee        0x2 
 .iram1         0x0000000040080ff0       0x37 /home/lhb/lhb/esp32/example/esp-idf/examples/get-started/hello_world/build/esp32/libesp32.a(clk.o)
                0x0000000040080ff0                esp_clk_cpu_freq
                0x0000000040081000                esp_clk_apb_freq
                0x0000000040081018                ets_update_cpu_frequency
 *fill*         0x0000000040081027        0x1 
 .iram1         0x0000000040081028       0xb0 /home/lhb/lhb/esp32/example/esp-idf/examples/get-started/hello_world/build/esp32/libesp32.a(crosscore_int.o)
                                         0xc0 (size before relaxing)
                0x00000000400810c0                esp_crosscore_int_send_yield
                0x00000000400810cc                esp_crosscore_int_send_freq_switch
 .iram1         0x00000000400810d8       0x7f /home/lhb/lhb/esp32/example/esp-idf/examples/get-started/hello_world/build/esp32/libesp32.a(ipc.o)
                                         0x8b (size before relaxing)
 *fill*         0x0000000040081157        0x1 
 .iram1         0x0000000040081158      0x2b6 /home/lhb/lhb/esp32/example/esp-idf/examples/get-started/hello_world/build/esp32/libesp32.a(intr_alloc.o)
                                        0x2ce (size before relaxing)
                0x0000000040081194                esp_intr_set_in_iram
                0x000000004008121c                esp_intr_enable
                0x00000000400812a4                esp_intr_disable
                0x000000004008136c                esp_intr_noniram_disable
                0x00000000400813b8                esp_intr_noniram_enable
                0x00000000400813f8                ets_isr_unmask
                0x0000000040081404                ets_isr_mask
 *fill*         0x000000004008140e        0x2 
 .iram1         0x0000000040081410       0x53 /home/lhb/lhb/esp32/example/esp-idf/examples/get-started/hello_world/build/esp32/libesp32.a(int_wdt.o)
 *fill*         0x0000000040081463        0x1 
 .iram1         0x0000000040081464      0x1e5 /home/lhb/lhb/esp32/example/esp-idf/examples/get-started/hello_world/build/esp32/libesp32.a(esp_timer.o)
                                        0x1fd (size before relaxing)
                0x0000000040081580                esp_timer_stop
                0x00000000400815a4                esp_timer_get_time
                0x00000000400815b4                esp_timer_start_once
                0x00000000400815f8                esp_timer_start_periodic
 *fill*         0x0000000040081649        0x3 
 .iram1         0x000000004008164c      0x197 /home/lhb/lhb/esp32/example/esp-idf/examples/get-started/hello_world/build/esp32/libesp32.a(dport_access.o)
                                        0x1a3 (size before relaxing)
                0x000000004008164c                esp_dport_access_stall_other_cpu_start
                0x00000000400816fc                esp_dport_access_stall_other_cpu_end
                0x0000000040081778                esp_dport_access_stall_other_cpu_start_wrap
                0x0000000040081780                esp_dport_access_stall_other_cpu_end_wrap
                0x0000000040081788                esp_dport_access_int_pause
                0x00000000400817ac                esp_dport_access_int_abort
                0x00000000400817c0                esp_dport_access_int_resume
 *fill*         0x00000000400817e3        0x1 
 .iram1         0x00000000400817e4       0xda /home/lhb/lhb/esp32/example/esp-idf/examples/get-started/hello_world/build/esp32/libesp32.a(dport_panic_highint_hdl.o)
                0x00000000400817e4                xt_highint4
                0x00000000400818be                ld_include_panic_highint_hdl
 *fill*         0x00000000400818be        0x2 
 .iram1         0x00000000400818c0      0x1ed /home/lhb/lhb/esp32/example/esp-idf/examples/get-started/hello_world/build/esp32/libesp32.a(system_api.o)
                                        0x22c (size before relaxing)
                0x0000000040081938                esp_restart_noos
                0x0000000040081a8c                esp_restart
                0x0000000040081a8c                system_restart
 *fill*         0x0000000040081aad        0x3 
 .iram1         0x0000000040081ab0      0x447 /home/lhb/lhb/esp32/example/esp-idf/examples/get-started/hello_world/build/esp32/libesp32.a(esp_timer_esp32.o)
                                        0x453 (size before relaxing)
                0x0000000040081b64                esp_timer_impl_get_time
                0x0000000040081c94                esp_timer_impl_set_alarm
                0x0000000040081e34                esp_timer_impl_update_apb_freq
                0x0000000040081eec                esp_timer_impl_get_min_period_us
 *fill*         0x0000000040081ef7        0x1 
 .iram1         0x0000000040081ef8       0x27 /home/lhb/lhb/esp32/example/esp-idf/examples/get-started/hello_world/build/esp32/libesp32.a(freertos_hooks.o)
                0x0000000040081ef8                esp_vApplicationTickHook
 *fill*         0x0000000040081f1f        0x1 
 .iram1         0x0000000040081f20       0x1a /home/lhb/lhb/esp32/example/esp-idf/examples/get-started/hello_world/build/freertos/libfreertos.a(port.o)
                0x0000000040081f20                xPortInterruptedFromISRContext
 *fill*         0x0000000040081f3a        0x2 
 .iram1         0x0000000040081f3c      0x4b4 /home/lhb/lhb/esp32/example/esp-idf/examples/get-started/hello_world/build/freertos/libfreertos.a(xtensa_vectors.o)
                0x0000000040081f3c                _xt_panic
                0x0000000040082054                _xt_user_exit
                0x0000000040082340                _xt_medint2_exit
                0x00000000400823dc                _xt_medint3_exit
 .iram1         0x00000000400823f0      0x3dd /home/lhb/lhb/esp32/example/esp-idf/examples/get-started/hello_world/build/heap/libheap.a(heap_caps.o)
                                        0x3f5 (size before relaxing)
                0x0000000040082480                heap_caps_malloc
                0x000000004008251c                heap_caps_malloc_default
                0x0000000040082560                heap_caps_malloc_prefer
                0x00000000400825b8                heap_caps_free
                0x00000000400825f0                heap_caps_realloc
                0x000000004008269c                heap_caps_realloc_default
                0x00000000400826f4                heap_caps_realloc_prefer
                0x0000000040082758                heap_caps_calloc
                0x0000000040082778                heap_caps_calloc_prefer
 *fill*         0x00000000400827cd        0x3 
 .iram1         0x00000000400827d0      0x18a /home/lhb/lhb/esp32/example/esp-idf/examples/get-started/hello_world/build/log/liblog.a(log.o)
                                        0x19a (size before relaxing)
                0x00000000400827d0                esp_log_write
                0x0000000040082900                esp_log_early_timestamp
                0x000000004008291c                esp_log_timestamp
 *fill*         0x000000004008295a        0x2 
 .iram1         0x000000004008295c       0x6c /home/lhb/lhb/esp32/example/esp-idf/examples/get-started/hello_world/build/newlib/libnewlib.a(time.o)
                                         0x74 (size before relaxing)
                0x000000004008295c                _gettimeofday_r
                0x00000000400829a0                _times_r
 .iram1         0x00000000400829c8       0x3c /home/lhb/lhb/esp32/example/esp-idf/examples/get-started/hello_world/build/newlib/libnewlib.a(reent_init.o)
                0x00000000400829c8                esp_reent_init
 .iram1         0x0000000040082a04       0x4a /home/lhb/lhb/esp32/example/esp-idf/examples/get-started/hello_world/build/newlib/libnewlib.a(syscalls.o)
                                         0x52 (size before relaxing)
                0x0000000040082a04                _malloc_r
                0x0000000040082a10                _free_r
                0x0000000040082a1c                _realloc_r
                0x0000000040082a30                _calloc_r
 *fill*         0x0000000040082a4e        0x2 
 .iram1         0x0000000040082a50      0x1cc /home/lhb/lhb/esp32/example/esp-idf/examples/get-started/hello_world/build/newlib/libnewlib.a(locks.o)
                                        0x210 (size before relaxing)
                0x0000000040082b68                _lock_init
                0x0000000040082b78                _lock_init_recursive
                0x0000000040082b88                _lock_close
                0x0000000040082bc4                _lock_acquire
                0x0000000040082bd4                _lock_acquire_recursive
                0x0000000040082be4                _lock_try_acquire
                0x0000000040082bf4                _lock_try_acquire_recursive
                0x0000000040082c04                _lock_release
                0x0000000040082c10                _lock_release_recursive
 .iram1         0x0000000040082c1c      0x11a /home/lhb/lhb/esp32/example/esp-idf/examples/get-started/hello_world/build/soc/libsoc.a(cpu_util.o)
                0x0000000040082c1c                esp_cpu_stall
                0x0000000040082cb0                esp_cpu_unstall
                0x0000000040082d04                esp_cpu_reset
                0x0000000040082d28                esp_cpu_in_ocd_debug_mode
 *fill*         0x0000000040082d36        0x2 
 .iram1         0x0000000040082d38      0x334 /home/lhb/lhb/esp32/example/esp-idf/examples/get-started/hello_world/build/spi_flash/libspi_flash.a(cache_utils.o)
                                        0x39c (size before relaxing)
                0x0000000040082db4                spi_flash_op_block_func
                0x0000000040082e8c                spi_flash_disable_interrupts_caches_and_other_cpu
                0x0000000040082f58                spi_flash_enable_interrupts_caches_and_other_cpu
                0x0000000040082ff0                spi_flash_disable_interrupts_caches_and_other_cpu_no_os
                0x000000004008301c                spi_flash_enable_interrupts_caches_no_os
                0x0000000040083038                spi_flash_cache_enabled
 .iram1         0x000000004008306c      0x722 /home/lhb/lhb/esp32/example/esp-idf/examples/get-started/hello_world/build/spi_flash/libspi_flash.a(flash_ops.o)
                                        0x74a (size before relaxing)
                0x00000000400830dc                spi_flash_guard_set
                0x00000000400830e8                spi_flash_guard_get
                0x00000000400830f4                spi_flash_get_chip_size
                0x0000000040083100                spi_flash_erase_range
                0x00000000400831b8                spi_flash_erase_sector
                0x00000000400831dc                spi_flash_write
                0x00000000400833a4                spi_flash_read
                0x000000004008363c                spi_flash_read_encrypted
                0x0000000040083684                spi_flash_write_encrypted
 *fill*         0x000000004008378e        0x2 
 .iram1         0x0000000040083790      0x480 /home/lhb/lhb/esp32/example/esp-idf/examples/get-started/hello_world/build/spi_flash/libspi_flash.a(flash_mmap.o)
                                        0x4b0 (size before relaxing)
                0x0000000040083894                spi_flash_mmap_pages
                0x0000000040083ab0                spi_flash_mmap
                0x0000000040083b1c                spi_flash_munmap
                0x0000000040083bc8                spi_flash_mark_modified_region
 *fill*         0x0000000040083c10        0x0 
 *fill*         0x0000000040083c10        0x0 
 *fill*         0x0000000040083c10        0x0 
 *fill*         0x0000000040083c10        0x0 
 *fill*         0x0000000040083c10        0x0 
 *fill*         0x0000000040083c10        0x0 
 *fill*         0x0000000040083c10        0x0 
 *fill*         0x0000000040083c10        0x0 
 *fill*         0x0000000040083c10        0x0 
 *fill*         0x0000000040083c10        0x0 
 *fill*         0x0000000040083c10        0x0 
 *fill*         0x0000000040083c10        0x0 
 .iram1         0x0000000040083c10       0x2e /home/lhb/lhb/esp32/example/esp-idf/examples/get-started/hello_world/build/freertos/libfreertos.a(xtensa_vector_defaults.o)
                0x0000000040083c10                xt_debugexception
                0x0000000040083c30                xt_highint5
                0x0000000040083c38                _xt_nmi
                0x0000000040083c38                xt_nmi
 *fill*         0x0000000040083c3e        0x0 
 *fill*         0x0000000040083c3e        0x0 
 *fill*         0x0000000040083c3e        0x0 
 *fill*         0x0000000040083c3e        0x0 
 *fill*         0x0000000040083c3e        0x0 
 *fill*         0x0000000040083c3e        0x0 
 *libfreertos.a:(.literal .text .literal.* .text.*)
 *fill*         0x0000000040083c3e        0x2 
 .text.xt_unhandled_interrupt
                0x0000000040083c40       0x16 /home/lhb/lhb/esp32/example/esp-idf/examples/get-started/hello_world/build/freertos/libfreertos.a(xtensa_intr.o)
                0x0000000040083c40                xt_unhandled_interrupt
 *fill*         0x0000000040083c56        0x2 
 .text.xt_set_interrupt_handler
                0x0000000040083c58       0x46 /home/lhb/lhb/esp32/example/esp-idf/examples/get-started/hello_world/build/freertos/libfreertos.a(xtensa_intr.o)
                0x0000000040083c58                xt_set_interrupt_handler
 *fill*         0x0000000040083c9e        0x2 
 .text.prvIsQueueFull
                0x0000000040083ca0       0x2a /home/lhb/lhb/esp32/example/esp-idf/examples/get-started/hello_world/build/freertos/libfreertos.a(queue.o)
 *fill*         0x0000000040083cca        0x2 
 .text.prvCopyDataToQueue
                0x0000000040083ccc       0x9e /home/lhb/lhb/esp32/example/esp-idf/examples/get-started/hello_world/build/freertos/libfreertos.a(queue.o)
 *fill*         0x0000000040083d6a        0x2 
 .text.prvNotifyQueueSetContainer
                0x0000000040083d6c       0x6a /home/lhb/lhb/esp32/example/esp-idf/examples/get-started/hello_world/build/freertos/libfreertos.a(queue.o)
                                         0x76 (size before relaxing)
 *fill*         0x0000000040083dd6        0x2 
 .text.prvCopyDataFromQueue
                0x0000000040083dd8       0x24 /home/lhb/lhb/esp32/example/esp-idf/examples/get-started/hello_world/build/freertos/libfreertos.a(queue.o)
 .text.xQueueGenericReset
                0x0000000040083dfc       0x86 /home/lhb/lhb/esp32/example/esp-idf/examples/get-started/hello_world/build/freertos/libfreertos.a(queue.o)
                                         0x96 (size before relaxing)
                0x0000000040083dfc                xQueueGenericReset
 *fill*         0x0000000040083e82        0x2 
 .text.prvInitialiseNewQueue
                0x0000000040083e84       0x1f /home/lhb/lhb/esp32/example/esp-idf/examples/get-started/hello_world/build/freertos/libfreertos.a(queue.o)
                                         0x23 (size before relaxing)
 *fill*         0x0000000040083ea3        0x1 
 .text.xQueueGenericCreate
                0x0000000040083ea4       0x49 /home/lhb/lhb/esp32/example/esp-idf/examples/get-started/hello_world/build/freertos/libfreertos.a(queue.o)
                                         0x4d (size before relaxing)
                0x0000000040083ea4                xQueueGenericCreate
 *fill*         0x0000000040083eed        0x3 
 .text.xQueueGetMutexHolder
                0x0000000040083ef0       0x23 /home/lhb/lhb/esp32/example/esp-idf/examples/get-started/hello_world/build/freertos/libfreertos.a(queue.o)
                0x0000000040083ef0                xQueueGetMutexHolder
 *fill*         0x0000000040083f13        0x1 
 .text.xQueueCreateCountingSemaphore
                0x0000000040083f14       0x66 /home/lhb/lhb/esp32/example/esp-idf/examples/get-started/hello_world/build/freertos/libfreertos.a(queue.o)
                                         0x6a (size before relaxing)
                0x0000000040083f14                xQueueCreateCountingSemaphore
 *fill*         0x0000000040083f7a        0x2 
 .text.xQueueGenericSend
                0x0000000040083f7c      0x158 /home/lhb/lhb/esp32/example/esp-idf/examples/get-started/hello_world/build/freertos/libfreertos.a(queue.o)
                                        0x18c (size before relaxing)
                0x0000000040083f7c                xQueueGenericSend
 .text.prvInitialiseMutex
                0x00000000400840d4       0x22 /home/lhb/lhb/esp32/example/esp-idf/examples/get-started/hello_world/build/freertos/libfreertos.a(queue.o)
                                         0x26 (size before relaxing)
 *fill*         0x00000000400840f6        0x2 
 .text.xQueueCreateMutex
                0x00000000400840f8       0x16 /home/lhb/lhb/esp32/example/esp-idf/examples/get-started/hello_world/build/freertos/libfreertos.a(queue.o)
                                         0x1a (size before relaxing)
                0x00000000400840f8                xQueueCreateMutex
 *fill*         0x000000004008410e        0x2 
 .text.xQueueGiveMutexRecursive
                0x0000000040084110       0x48 /home/lhb/lhb/esp32/example/esp-idf/examples/get-started/hello_world/build/freertos/libfreertos.a(queue.o)
                                         0x4c (size before relaxing)
                0x0000000040084110                xQueueGiveMutexRecursive
 .text.xQueueGenericSendFromISR
                0x0000000040084158       0xd6 /home/lhb/lhb/esp32/example/esp-idf/examples/get-started/hello_world/build/freertos/libfreertos.a(queue.o)
                                         0xe6 (size before relaxing)
                0x0000000040084158                xQueueGenericSendFromISR
 *fill*         0x000000004008422e        0x2 
 .text.xQueueGiveFromISR
                0x0000000040084230       0xb6 /home/lhb/lhb/esp32/example/esp-idf/examples/get-started/hello_world/build/freertos/libfreertos.a(queue.o)
                                         0xc2 (size before relaxing)
                0x0000000040084230                xQueueGiveFromISR
 *fill*         0x00000000400842e6        0x2 
 .text.xQueueGenericReceive
                0x00000000400842e8      0x144 /home/lhb/lhb/esp32/example/esp-idf/examples/get-started/hello_world/build/freertos/libfreertos.a(queue.o)
                                        0x178 (size before relaxing)
                0x00000000400842e8                xQueueGenericReceive
 .text.xQueueTakeMutexRecursive
                0x000000004008442c       0x51 /home/lhb/lhb/esp32/example/esp-idf/examples/get-started/hello_world/build/freertos/libfreertos.a(queue.o)
                0x000000004008442c                xQueueTakeMutexRecursive
 *fill*         0x000000004008447d        0x3 
 .text.xQueueReceiveFromISR
                0x0000000040084480       0x96 /home/lhb/lhb/esp32/example/esp-idf/examples/get-started/hello_world/build/freertos/libfreertos.a(queue.o)
                                         0xa6 (size before relaxing)
                0x0000000040084480                xQueueReceiveFromISR
 *fill*         0x0000000040084516        0x2 
 .text.vQueueDelete
                0x0000000040084518       0x28 /home/lhb/lhb/esp32/example/esp-idf/examples/get-started/hello_world/build/freertos/libfreertos.a(queue.o)
                0x0000000040084518                vQueueDelete
 .text.vQueueWaitForMessageRestricted
                0x0000000040084540       0x23 /home/lhb/lhb/esp32/example/esp-idf/examples/get-started/hello_world/build/freertos/libfreertos.a(queue.o)
                                         0x2a (size before relaxing)
                0x0000000040084540                vQueueWaitForMessageRestricted
 *fill*         0x0000000040084563        0x1 
 .text.pxPortInitialiseStack
                0x0000000040084564       0x50 /home/lhb/lhb/esp32/example/esp-idf/examples/get-started/hello_world/build/freertos/libfreertos.a(port.o)
                0x0000000040084564                pxPortInitialiseStack
 .text.xPortStartScheduler
                0x00000000400845b4       0x22 /home/lhb/lhb/esp32/example/esp-idf/examples/get-started/hello_world/build/freertos/libfreertos.a(port.o)
                                         0x2e (size before relaxing)
                0x00000000400845b4                xPortStartScheduler
 *fill*         0x00000000400845d6        0x2 
 .text.xPortSysTickHandler
                0x00000000400845d8       0x10 /home/lhb/lhb/esp32/example/esp-idf/examples/get-started/hello_world/build/freertos/libfreertos.a(port.o)
                                         0x16 (size before relaxing)
                0x00000000400845d8                xPortSysTickHandler
 *fill*         0x00000000400845e8        0x0 
 .text.vPortYieldOtherCore
                0x00000000400845e8        0xa /home/lhb/lhb/esp32/example/esp-idf/examples/get-started/hello_world/build/freertos/libfreertos.a(port.o)
                                          0xe (size before relaxing)
                0x00000000400845e8                vPortYieldOtherCore
 *fill*         0x00000000400845f2        0x2 
 .text.vPortReleaseTaskMPUSettings
                0x00000000400845f4        0xa /home/lhb/lhb/esp32/example/esp-idf/examples/get-started/hello_world/build/freertos/libfreertos.a(port.o)
                                          0xe (size before relaxing)
                0x00000000400845f4                vPortReleaseTaskMPUSettings
 *fill*         0x00000000400845fe        0x2 
 .text.xPortInIsrContext
                0x0000000040084600       0x26 /home/lhb/lhb/esp32/example/esp-idf/examples/get-started/hello_world/build/freertos/libfreertos.a(port.o)
                0x0000000040084600                xPortInIsrContext
 *fill*         0x0000000040084626        0x2 
 .text.vPortCPUInitializeMutex
                0x0000000040084628        0xe /home/lhb/lhb/esp32/example/esp-idf/examples/get-started/hello_world/build/freertos/libfreertos.a(port.o)
                0x0000000040084628                vPortCPUInitializeMutex
 *fill*         0x0000000040084636        0x2 
 .text.vPortCPUAcquireMutex
                0x0000000040084638       0x81 /home/lhb/lhb/esp32/example/esp-idf/examples/get-started/hello_world/build/freertos/libfreertos.a(port.o)
                                         0x88 (size before relaxing)
                0x0000000040084638                vPortCPUAcquireMutex
 *fill*         0x00000000400846b9        0x3 
 .text.vPortCPUReleaseMutex
                0x00000000400846bc       0x59 /home/lhb/lhb/esp32/example/esp-idf/examples/get-started/hello_world/build/freertos/libfreertos.a(port.o)
                                         0x61 (size before relaxing)
                0x00000000400846bc                vPortCPUReleaseMutex
 *fill*         0x0000000040084715        0x3 
 .text.prvResetNextTaskUnblockTime
                0x0000000040084718       0x34 /home/lhb/lhb/esp32/example/esp-idf/examples/get-started/hello_world/build/freertos/libfreertos.a(tasks.o)
 .text.prvDeleteTLS
                0x000000004008474c       0x40 /home/lhb/lhb/esp32/example/esp-idf/examples/get-started/hello_world/build/freertos/libfreertos.a(tasks.o)
 .text.prvInitialiseNewTask
                0x000000004008478c       0xc4 /home/lhb/lhb/esp32/example/esp-idf/examples/get-started/hello_world/build/freertos/libfreertos.a(tasks.o)
                                         0xd0 (size before relaxing)
 .text.prvInitialiseTaskLists
                0x0000000040084850       0x5a /home/lhb/lhb/esp32/example/esp-idf/examples/get-started/hello_world/build/freertos/libfreertos.a(tasks.o)
                                         0x6e (size before relaxing)
 *fill*         0x00000000400848aa        0x2 
 .text.prvDeleteTCB
                0x00000000400848ac       0x56 /home/lhb/lhb/esp32/example/esp-idf/examples/get-started/hello_world/build/freertos/libfreertos.a(tasks.o)
                                         0x5d (size before relaxing)
 *fill*         0x0000000040084902        0x2 
 .text.prvAddCurrentTaskToDelayedList
                0x0000000040084904       0x66 /home/lhb/lhb/esp32/example/esp-idf/examples/get-started/hello_world/build/freertos/libfreertos.a(tasks.o)
                                         0x6a (size before relaxing)
 *fill*         0x000000004008496a        0x2 
 .text.taskYIELD_OTHER_CORE
                0x000000004008496c       0x53 /home/lhb/lhb/esp32/example/esp-idf/examples/get-started/hello_world/build/freertos/libfreertos.a(tasks.o)
                0x000000004008496c                taskYIELD_OTHER_CORE
 *fill*         0x00000000400849bf        0x1 
 .text.vTaskSuspendAll
                0x00000000400849c0       0x26 /home/lhb/lhb/esp32/example/esp-idf/examples/get-started/hello_world/build/freertos/libfreertos.a(tasks.o)
                0x00000000400849c0                vTaskSuspendAll
 *fill*         0x00000000400849e6        0x2 
 .text.xTaskGetIdleTaskHandleForCPU
                0x00000000400849e8       0x2a /home/lhb/lhb/esp32/example/esp-idf/examples/get-started/hello_world/build/freertos/libfreertos.a(tasks.o)
                                         0x2e (size before relaxing)
                0x00000000400849e8                xTaskGetIdleTaskHandleForCPU
 *fill*         0x0000000040084a12        0x2 
 .text.vTaskSwitchContext
                0x0000000040084a14      0x27e /home/lhb/lhb/esp32/example/esp-idf/examples/get-started/hello_world/build/freertos/libfreertos.a(tasks.o)
                                        0x28a (size before relaxing)
                0x0000000040084a14                vTaskSwitchContext
 *fill*         0x0000000040084c92        0x2 
 .text.vTaskSetTimeOutState
                0x0000000040084c94       0x34 /home/lhb/lhb/esp32/example/esp-idf/examples/get-started/hello_world/build/freertos/libfreertos.a(tasks.o)
                0x0000000040084c94                vTaskSetTimeOutState
 .text.xTaskGetCurrentTaskHandle
                0x0000000040084cc8       0x1f /home/lhb/lhb/esp32/example/esp-idf/examples/get-started/hello_world/build/freertos/libfreertos.a(tasks.o)
                0x0000000040084cc8                xTaskGetCurrentTaskHandle
 *fill*         0x0000000040084ce7        0x1 
 .text.__getreent
                0x0000000040084ce8       0x19 /home/lhb/lhb/esp32/example/esp-idf/examples/get-started/hello_world/build/freertos/libfreertos.a(tasks.o)
                0x0000000040084ce8                __getreent
 *fill*         0x0000000040084d01        0x3 
 .text.pcTaskGetTaskName
                0x0000000040084d04       0x2a /home/lhb/lhb/esp32/example/esp-idf/examples/get-started/hello_world/build/freertos/libfreertos.a(tasks.o)
                                         0x2d (size before relaxing)
                0x0000000040084d04                pcTaskGetTaskName
 *fill*         0x0000000040084d2e        0x2 
 .text.xTaskGetAffinity
                0x0000000040084d30       0x10 /home/lhb/lhb/esp32/example/esp-idf/examples/get-started/hello_world/build/freertos/libfreertos.a(tasks.o)
                                         0x13 (size before relaxing)
                0x0000000040084d30                xTaskGetAffinity
 *fill*         0x0000000040084d40        0x0 
 .text.xTaskGetCurrentTaskHandleForCPU
                0x0000000040084d40       0x18 /home/lhb/lhb/esp32/example/esp-idf/examples/get-started/hello_world/build/freertos/libfreertos.a(tasks.o)
                0x0000000040084d40                xTaskGetCurrentTaskHandleForCPU
 .text.xTaskGetSchedulerState
                0x0000000040084d58       0x37 /home/lhb/lhb/esp32/example/esp-idf/examples/get-started/hello_world/build/freertos/libfreertos.a(tasks.o)
                0x0000000040084d58                xTaskGetSchedulerState
 *fill*         0x0000000040084d8f        0x1 
 .text.vTaskEnterCritical
                0x0000000040084d90       0xac /home/lhb/lhb/esp32/example/esp-idf/examples/get-started/hello_world/build/freertos/libfreertos.a(tasks.o)
                                         0xb3 (size before relaxing)
                0x0000000040084d90                vTaskEnterCritical
 *fill*         0x0000000040084e3c        0x0 
 .text.vTaskExitCritical
                0x0000000040084e3c       0x83 /home/lhb/lhb/esp32/example/esp-idf/examples/get-started/hello_world/build/freertos/libfreertos.a(tasks.o)
                                         0x8a (size before relaxing)
                0x0000000040084e3c                vTaskExitCritical
 *fill*         0x0000000040084ebf        0x1 
 .text.prvAddNewTaskToReadyList
                0x0000000040084ec0      0x15c /home/lhb/lhb/esp32/example/esp-idf/examples/get-started/hello_world/build/freertos/libfreertos.a(tasks.o)
                                        0x173 (size before relaxing)
 *fill*         0x000000004008501c        0x0 
 .text.xTaskCreatePinnedToCore
                0x000000004008501c       0x6e /home/lhb/lhb/esp32/example/esp-idf/examples/get-started/hello_world/build/freertos/libfreertos.a(tasks.o)
                                         0x76 (size before relaxing)
                0x000000004008501c                xTaskCreatePinnedToCore
 *fill*         0x000000004008508a        0x2 
 .text.vTaskStartScheduler
                0x000000004008508c       0x67 /home/lhb/lhb/esp32/example/esp-idf/examples/get-started/hello_world/build/freertos/libfreertos.a(tasks.o)
                                         0x72 (size before relaxing)
                0x000000004008508c                vTaskStartScheduler
 *fill*         0x00000000400850f3        0x1 
 .text.vTaskDelete
                0x00000000400850f4      0x10a /home/lhb/lhb/esp32/example/esp-idf/examples/get-started/hello_world/build/freertos/libfreertos.a(tasks.o)
                                        0x122 (size before relaxing)
                0x00000000400850f4                vTaskDelete
 *fill*         0x00000000400851fe        0x2 
 .text.vTaskDelay
                0x0000000040085200       0x70 /home/lhb/lhb/esp32/example/esp-idf/examples/get-started/hello_world/build/freertos/libfreertos.a(tasks.o)
                                         0x80 (size before relaxing)
                0x0000000040085200                vTaskDelay
 .text.prvCheckTasksWaitingTermination
                0x0000000040085270       0xbe /home/lhb/lhb/esp32/example/esp-idf/examples/get-started/hello_world/build/freertos/libfreertos.a(tasks.o)
                                         0xc6 (size before relaxing)
 *fill*         0x000000004008532e        0x2 
 .text.prvIdleTask
                0x0000000040085330        0xc /home/lhb/lhb/esp32/example/esp-idf/examples/get-started/hello_world/build/freertos/libfreertos.a(tasks.o)
                                         0x12 (size before relaxing)
 *fill*         0x000000004008533c        0x0 
 .text.xTaskGetTickCount
                0x000000004008533c       0x1c /home/lhb/lhb/esp32/example/esp-idf/examples/get-started/hello_world/build/freertos/libfreertos.a(tasks.o)
                                         0x20 (size before relaxing)
                0x000000004008533c                xTaskGetTickCount
 .text.xTaskIncrementTick
                0x0000000040085358      0x1b2 /home/lhb/lhb/esp32/example/esp-idf/examples/get-started/hello_world/build/freertos/libfreertos.a(tasks.o)
                                        0x1ce (size before relaxing)
                0x0000000040085358                xTaskIncrementTick
 *fill*         0x000000004008550a        0x2 
 .text.xTaskResumeAll
                0x000000004008550c      0x173 /home/lhb/lhb/esp32/example/esp-idf/examples/get-started/hello_world/build/freertos/libfreertos.a(tasks.o)
                                        0x186 (size before relaxing)
                0x000000004008550c                xTaskResumeAll
 *fill*         0x000000004008567f        0x1 
 .text.vTaskPlaceOnEventList
                0x0000000040085680       0x83 /home/lhb/lhb/esp32/example/esp-idf/examples/get-started/hello_world/build/freertos/libfreertos.a(tasks.o)
                                         0x97 (size before relaxing)
                0x0000000040085680                vTaskPlaceOnEventList
 *fill*         0x0000000040085703        0x1 
 .text.vTaskPlaceOnEventListRestricted
                0x0000000040085704       0x5b /home/lhb/lhb/esp32/example/esp-idf/examples/get-started/hello_world/build/freertos/libfreertos.a(tasks.o)
                                         0x6f (size before relaxing)
                0x0000000040085704                vTaskPlaceOnEventListRestricted
 *fill*         0x000000004008575f        0x1 
 .text.xTaskRemoveFromEventList
                0x0000000040085760      0x134 /home/lhb/lhb/esp32/example/esp-idf/examples/get-started/hello_world/build/freertos/libfreertos.a(tasks.o)
                                        0x143 (size before relaxing)
                0x0000000040085760                xTaskRemoveFromEventList
 *fill*         0x0000000040085894        0x0 
 .text.xTaskCheckForTimeOut
                0x0000000040085894       0x8b /home/lhb/lhb/esp32/example/esp-idf/examples/get-started/hello_world/build/freertos/libfreertos.a(tasks.o)
                                         0x96 (size before relaxing)
                0x0000000040085894                xTaskCheckForTimeOut
 *fill*         0x000000004008591f        0x1 
 .text.vTaskPriorityInherit
                0x0000000040085920       0xc4 /home/lhb/lhb/esp32/example/esp-idf/examples/get-started/hello_world/build/freertos/libfreertos.a(tasks.o)
                                         0xdb (size before relaxing)
                0x0000000040085920                vTaskPriorityInherit
 *fill*         0x00000000400859e4        0x0 
 .text.xTaskPriorityDisinherit
                0x00000000400859e4       0x97 /home/lhb/lhb/esp32/example/esp-idf/examples/get-started/hello_world/build/freertos/libfreertos.a(tasks.o)
                                         0xaa (size before relaxing)
                0x00000000400859e4                xTaskPriorityDisinherit
 *fill*         0x0000000040085a7b        0x1 
 .text.pvTaskIncrementMutexHeldCount
                0x0000000040085a7c       0x50 /home/lhb/lhb/esp32/example/esp-idf/examples/get-started/hello_world/build/freertos/libfreertos.a(tasks.o)
                                         0x54 (size before relaxing)
                0x0000000040085a7c                pvTaskIncrementMutexHeldCount
 .text.prvGetNextExpireTime
                0x0000000040085acc       0x20 /home/lhb/lhb/esp32/example/esp-idf/examples/get-started/hello_world/build/freertos/libfreertos.a(timers.o)
 .text.prvInsertTimerInActiveList
                0x0000000040085aec       0x50 /home/lhb/lhb/esp32/example/esp-idf/examples/get-started/hello_world/build/freertos/libfreertos.a(timers.o)
                                         0x54 (size before relaxing)
 .text.prvCheckForValidListAndQueue
                0x0000000040085b3c       0x66 /home/lhb/lhb/esp32/example/esp-idf/examples/get-started/hello_world/build/freertos/libfreertos.a(timers.o)
                                         0x7e (size before relaxing)
 *fill*         0x0000000040085ba2        0x2 
 .text.xTimerCreateTimerTask
                0x0000000040085ba4       0x48 /home/lhb/lhb/esp32/example/esp-idf/examples/get-started/hello_world/build/freertos/libfreertos.a(timers.o)
                                         0x4c (size before relaxing)
                0x0000000040085ba4                xTimerCreateTimerTask
 .text.xTimerGenericCommand
                0x0000000040085bec       0x55 /home/lhb/lhb/esp32/example/esp-idf/examples/get-started/hello_world/build/freertos/libfreertos.a(timers.o)
                                         0x5d (size before relaxing)
                0x0000000040085bec                xTimerGenericCommand
 *fill*         0x0000000040085c41        0x3 
 .text.prvSwitchTimerLists
                0x0000000040085c44       0x76 /home/lhb/lhb/esp32/example/esp-idf/examples/get-started/hello_world/build/freertos/libfreertos.a(timers.o)
                                         0x82 (size before relaxing)
 *fill*         0x0000000040085cba        0x2 
 .text.prvSampleTimeNow
                0x0000000040085cbc       0x2b /home/lhb/lhb/esp32/example/esp-idf/examples/get-started/hello_world/build/freertos/libfreertos.a(timers.o)
                                         0x2f (size before relaxing)
 *fill*         0x0000000040085ce7        0x1 
 .text.prvProcessExpiredTimer
                0x0000000040085ce8       0x53 /home/lhb/lhb/esp32/example/esp-idf/examples/get-started/hello_world/build/freertos/libfreertos.a(timers.o)
                                         0x5f (size before relaxing)
 *fill*         0x0000000040085d3b        0x1 
 .text.prvProcessTimerOrBlockTask
                0x0000000040085d3c       0x58 /home/lhb/lhb/esp32/example/esp-idf/examples/get-started/hello_world/build/freertos/libfreertos.a(timers.o)
                                         0x6c (size before relaxing)
 .text.prvProcessReceivedCommands
                0x0000000040085d94       0xd6 /home/lhb/lhb/esp32/example/esp-idf/examples/get-started/hello_world/build/freertos/libfreertos.a(timers.o)
                                         0xe6 (size before relaxing)
 *fill*         0x0000000040085e6a        0x2 
 .text.prvTimerTask
                0x0000000040085e6c       0x15 /home/lhb/lhb/esp32/example/esp-idf/examples/get-started/hello_world/build/freertos/libfreertos.a(timers.o)
                                         0x1d (size before relaxing)
 *fill*         0x0000000040085e81        0x3 
 .text          0x0000000040085e84      0x12b /home/lhb/lhb/esp32/example/esp-idf/examples/get-started/hello_world/build/freertos/libfreertos.a(xtensa_context.o)
                0x0000000040085e84                _xt_context_save
                0x0000000040085eec                _xt_context_restore
                0x0000000040085f30                _xt_coproc_init
                0x0000000040085f44                _xt_coproc_release
                0x0000000040085f70                _xt_coproc_savecs
                0x0000000040085f90                _xt_coproc_restorecs
 *fill*         0x0000000040085faf        0x1 
 .text          0x0000000040085fb0      0x1d0 /home/lhb/lhb/esp32/example/esp-idf/examples/get-started/hello_world/build/freertos/libfreertos.a(portasm.o)
                0x0000000040085fb0                _frxt_setup_switch
                0x0000000040085fc8                _frxt_int_enter
                0x0000000040086010                _frxt_int_exit
                0x0000000040086060                _frxt_timer_int
                0x0000000040086088                _frxt_tick_timer_init
                0x00000000400860a0                _frxt_dispatch
                0x00000000400860e8                vPortYield
                0x0000000040086134                vPortYieldFromInt
                0x0000000040086154                _frxt_task_coproc_state
 .text._xt_tick_divisor_init
                0x0000000040086180       0x1c /home/lhb/lhb/esp32/example/esp-idf/examples/get-started/hello_world/build/freertos/libfreertos.a(xtensa_init.o)
                                         0x1f (size before relaxing)
                0x0000000040086180                _xt_tick_divisor_init
 *fill*         0x000000004008619c        0x0 
 *fill*         0x000000004008619c        0x0 
 .text.prvIsQueueEmpty
                0x000000004008619c       0x12 /home/lhb/lhb/esp32/example/esp-idf/examples/get-started/hello_world/build/freertos/libfreertos.a(queue.o)
 *fill*         0x00000000400861ae        0x0 
 *fill*         0x00000000400861ae        0x0 
 *fill*         0x00000000400861ae        0x0 
 *fill*         0x00000000400861ae        0x0 
 *fill*         0x00000000400861ae        0x0 
 *fill*         0x00000000400861ae        0x0 
 *fill*         0x00000000400861ae        0x0 
 *fill*         0x00000000400861ae        0x0 
 *fill*         0x00000000400861ae        0x0 
 *fill*         0x00000000400861ae        0x0 
 *fill*         0x00000000400861ae        0x0 
 *fill*         0x00000000400861ae        0x0 
 *fill*         0x00000000400861ae        0x0 
 *fill*         0x00000000400861ae        0x0 
 *fill*         0x00000000400861ae        0x0 
 *fill*         0x00000000400861ae        0x2 
 .text.vListInitialise
                0x00000000400861b0       0x15 /home/lhb/lhb/esp32/example/esp-idf/examples/get-started/hello_world/build/freertos/libfreertos.a(list.o)